// Jest Snapshot v1, https://goo.gl/fbAQLP

exports[`<SignUp /> renders and matches snapshot 1`] = `
<form
  className="Form-sc-1xszr8q-0 ZWDQB"
  method="post"
  onSubmit={[Function]}
>
  <fieldset
    aria-busy={false}
    disabled={false}
  >
    <h2>
      Sign Up for an Account
    </h2>
    <DisplayError
      error={Object {}}
    />
    <label
      htmlFor="email"
    >
      Email
      <input
        name="email"
        onChange={[Function]}
        placeholder="e.g. kanye@west.com"
        type="text"
        value=""
      />
    </label>
    <label
      htmlFor="name"
    >
      Name
      <input
        name="name"
        onChange={[Function]}
        placeholder="e.g. Kanye West"
        type="text"
        value=""
      />
    </label>
    <label
      htmlFor="password"
    >
      Password
      <input
        name="password"
        onChange={[Function]}
        placeholder="e.g. y33zy"
        type="password"
        value=""
      />
    </label>
    <label
      htmlFor="confirmPassword"
    >
      Confirm Password
      <input
        name="confirmPassword"
        onChange={[Function]}
        placeholder="e.g. y33zy"
        type="password"
        value=""
      />
    </label>
    <button
      type="submit"
    >
      Sign Up!
    </button>
  </fieldset>
</form>
`;
